Analysis & Synthesis report for caseg_disp
Fri Apr  4 21:00:00 2025
Quartus Prime Version 23.1std.1 Build 993 05/14/2024 SC Lite Edition


---------------------
; Table of Contents ;
---------------------
  1. Legal Notice
  2. Analysis & Synthesis Summary
  3. Analysis & Synthesis Settings
  4. Parallel Compilation
  5. Analysis & Synthesis Source Files Read
  6. Analysis & Synthesis Resource Usage Summary
  7. Analysis & Synthesis Resource Utilization by Entity
  8. Registers Removed During Synthesis
  9. General Register Statistics
 10. Inverted Register Statistics
 11. Multiplexer Restructuring Statistics (Restructuring Performed)
 12. Parameter Settings for User Entity Instance: time_cnt:time_cnt_inst
 13. Parameter Settings for User Entity Instance: num_to_bit:num_to_bit_inst
 14. Parameter Settings for User Entity Instance: bit_to_caseg:bit_to_caseg_inst
 15. Parameter Settings for User Entity Instance: caseg_to_hc595:caseg_to_hc595_inst
 16. Post-Synthesis Netlist Statistics for Top Partition
 17. Elapsed Time Per Partition
 18. Analysis & Synthesis Messages



----------------
; Legal Notice ;
----------------
Copyright (C) 2024  Intel Corporation. All rights reserved.
Your use of Intel Corporation's design tools, logic functions 
and other software and tools, and any partner logic 
functions, and any output files from any of the foregoing 
(including device programming or simulation files), and any 
associated documentation or information are expressly subject 
to the terms and conditions of the Intel Program License 
Subscription Agreement, the Intel Quartus Prime License Agreement,
the Intel FPGA IP License Agreement, or other applicable license
agreement, including, without limitation, that your use is for
the sole purpose of programming logic devices manufactured by
Intel and sold by Intel or its authorized distributors.  Please
refer to the applicable agreement for further details, at
https://fpgasoftware.intel.com/eula.



+-------------------------------------------------------------------------------------+
; Analysis & Synthesis Summary                                                        ;
+------------------------------------+------------------------------------------------+
; Analysis & Synthesis Status        ; Successful - Fri Apr  4 21:00:00 2025          ;
; Quartus Prime Version              ; 23.1std.1 Build 993 05/14/2024 SC Lite Edition ;
; Revision Name                      ; caseg_disp                                     ;
; Top-level Entity Name              ; top_mod                                        ;
; Family                             ; Cyclone IV E                                   ;
; Total logic elements               ; 298                                            ;
;     Total combinational functions  ; 275                                            ;
;     Dedicated logic registers      ; 162                                            ;
; Total registers                    ; 162                                            ;
; Total pins                         ; 6                                              ;
; Total virtual pins                 ; 0                                              ;
; Total memory bits                  ; 0                                              ;
; Embedded Multiplier 9-bit elements ; 0                                              ;
; Total PLLs                         ; 0                                              ;
+------------------------------------+------------------------------------------------+


+------------------------------------------------------------------------------------------------------------+
; Analysis & Synthesis Settings                                                                              ;
+------------------------------------------------------------------+--------------------+--------------------+
; Option                                                           ; Setting            ; Default Value      ;
+------------------------------------------------------------------+--------------------+--------------------+
; Device                                                           ; EP4CE10F17C8       ;                    ;
; Top-level entity name                                            ; top_mod            ; caseg_disp         ;
; Family name                                                      ; Cyclone IV E       ; Cyclone V          ;
; Use smart compilation                                            ; Off                ; Off                ;
; Enable parallel Assembler and Timing Analyzer during compilation ; On                 ; On                 ;
; Enable compact report table                                      ; Off                ; Off                ;
; Restructure Multiplexers                                         ; Auto               ; Auto               ;
; Create Debugging Nodes for IP Cores                              ; Off                ; Off                ;
; Preserve fewer node names                                        ; On                 ; On                 ;
; Intel FPGA IP Evaluation Mode                                    ; Enable             ; Enable             ;
; Verilog Version                                                  ; Verilog_2001       ; Verilog_2001       ;
; VHDL Version                                                     ; VHDL_1993          ; VHDL_1993          ;
; State Machine Processing                                         ; Auto               ; Auto               ;
; Safe State Machine                                               ; Off                ; Off                ;
; Extract Verilog State Machines                                   ; On                 ; On                 ;
; Extract VHDL State Machines                                      ; On                 ; On                 ;
; Ignore Verilog initial constructs                                ; Off                ; Off                ;
; Iteration limit for constant Verilog loops                       ; 5000               ; 5000               ;
; Iteration limit for non-constant Verilog loops                   ; 250                ; 250                ;
; Add Pass-Through Logic to Inferred RAMs                          ; On                 ; On                 ;
; Infer RAMs from Raw Logic                                        ; On                 ; On                 ;
; Parallel Synthesis                                               ; On                 ; On                 ;
; DSP Block Balancing                                              ; Auto               ; Auto               ;
; NOT Gate Push-Back                                               ; On                 ; On                 ;
; Power-Up Don't Care                                              ; On                 ; On                 ;
; Remove Redundant Logic Cells                                     ; Off                ; Off                ;
; Remove Duplicate Registers                                       ; On                 ; On                 ;
; Ignore CARRY Buffers                                             ; Off                ; Off                ;
; Ignore CASCADE Buffers                                           ; Off                ; Off                ;
; Ignore GLOBAL Buffers                                            ; Off                ; Off                ;
; Ignore ROW GLOBAL Buffers                                        ; Off                ; Off                ;
; Ignore LCELL Buffers                                             ; Off                ; Off                ;
; Ignore SOFT Buffers                                              ; On                 ; On                 ;
; Limit AHDL Integers to 32 Bits                                   ; Off                ; Off                ;
; Optimization Technique                                           ; Balanced           ; Balanced           ;
; Carry Chain Length                                               ; 70                 ; 70                 ;
; Auto Carry Chains                                                ; On                 ; On                 ;
; Auto Open-Drain Pins                                             ; On                 ; On                 ;
; Perform WYSIWYG Primitive Resynthesis                            ; Off                ; Off                ;
; Auto ROM Replacement                                             ; On                 ; On                 ;
; Auto RAM Replacement                                             ; On                 ; On                 ;
; Auto DSP Block Replacement                                       ; On                 ; On                 ;
; Auto Shift Register Replacement                                  ; Auto               ; Auto               ;
; Allow Shift Register Merging across Hierarchies                  ; Auto               ; Auto               ;
; Auto Clock Enable Replacement                                    ; On                 ; On                 ;
; Strict RAM Replacement                                           ; Off                ; Off                ;
; Allow Synchronous Control Signals                                ; On                 ; On                 ;
; Force Use of Synchronous Clear Signals                           ; Off                ; Off                ;
; Auto RAM Block Balancing                                         ; On                 ; On                 ;
; Auto RAM to Logic Cell Conversion                                ; Off                ; Off                ;
; Auto Resource Sharing                                            ; Off                ; Off                ;
; Allow Any RAM Size For Recognition                               ; Off                ; Off                ;
; Allow Any ROM Size For Recognition                               ; Off                ; Off                ;
; Allow Any Shift Register Size For Recognition                    ; Off                ; Off                ;
; Use LogicLock Constraints during Resource Balancing              ; On                 ; On                 ;
; Ignore translate_off and synthesis_off directives                ; Off                ; Off                ;
; Timing-Driven Synthesis                                          ; On                 ; On                 ;
; Report Parameter Settings                                        ; On                 ; On                 ;
; Report Source Assignments                                        ; On                 ; On                 ;
; Report Connectivity Checks                                       ; On                 ; On                 ;
; Ignore Maximum Fan-Out Assignments                               ; Off                ; Off                ;
; Synchronization Register Chain Length                            ; 2                  ; 2                  ;
; Power Optimization During Synthesis                              ; Normal compilation ; Normal compilation ;
; HDL message level                                                ; Level2             ; Level2             ;
; Suppress Register Optimization Related Messages                  ; Off                ; Off                ;
; Number of Removed Registers Reported in Synthesis Report         ; 5000               ; 5000               ;
; Number of Swept Nodes Reported in Synthesis Report               ; 5000               ; 5000               ;
; Number of Inverted Registers Reported in Synthesis Report        ; 100                ; 100                ;
; Clock MUX Protection                                             ; On                 ; On                 ;
; Auto Gated Clock Conversion                                      ; Off                ; Off                ;
; Block Design Naming                                              ; Auto               ; Auto               ;
; SDC constraint protection                                        ; Off                ; Off                ;
; Synthesis Effort                                                 ; Auto               ; Auto               ;
; Shift Register Replacement - Allow Asynchronous Clear Signal     ; On                 ; On                 ;
; Pre-Mapping Resynthesis Optimization                             ; Off                ; Off                ;
; Analysis & Synthesis Message Level                               ; Medium             ; Medium             ;
; Disable Register Merging Across Hierarchies                      ; Auto               ; Auto               ;
; Resource Aware Inference For Block RAM                           ; On                 ; On                 ;
+------------------------------------------------------------------+--------------------+--------------------+


+------------------------------------------+
; Parallel Compilation                     ;
+----------------------------+-------------+
; Processors                 ; Number      ;
+----------------------------+-------------+
; Number detected on machine ; 16          ;
; Maximum allowed            ; 16          ;
;                            ;             ;
; Average used               ; 1.00        ;
; Maximum used               ; 16          ;
;                            ;             ;
; Usage by Processor         ; % Time Used ;
;     Processor 1            ; 100.0%      ;
;     Processors 2-16        ;   0.0%      ;
+----------------------------+-------------+


+--------------------------------------------------------------------------------------------------------------------------------------------------------------+
; Analysis & Synthesis Source Files Read                                                                                                                       ;
+----------------------------------+-----------------+------------------------+----------------------------------------------------------------------+---------+
; File Name with User-Entered Path ; Used in Netlist ; File Type              ; File Name with Absolute Path                                         ; Library ;
+----------------------------------+-----------------+------------------------+----------------------------------------------------------------------+---------+
; ../rtl/top_mod.v                 ; yes             ; User Verilog HDL File  ; C:/Users/ZLXWY/Desktop/LF/example_wo/caseg_disp/rtl/top_mod.v        ;         ;
; ../rtl/time_cnt.v                ; yes             ; User Verilog HDL File  ; C:/Users/ZLXWY/Desktop/LF/example_wo/caseg_disp/rtl/time_cnt.v       ;         ;
; ../rtl/num_to_bit.v              ; yes             ; User Verilog HDL File  ; C:/Users/ZLXWY/Desktop/LF/example_wo/caseg_disp/rtl/num_to_bit.v     ;         ;
; ../rtl/caseg_to_hc595.v          ; yes             ; User Verilog HDL File  ; C:/Users/ZLXWY/Desktop/LF/example_wo/caseg_disp/rtl/caseg_to_hc595.v ;         ;
; ../rtl/bit_to_caseg.v            ; yes             ; User Verilog HDL File  ; C:/Users/ZLXWY/Desktop/LF/example_wo/caseg_disp/rtl/bit_to_caseg.v   ;         ;
+----------------------------------+-----------------+------------------------+----------------------------------------------------------------------+---------+


+----------------------------------------------------------+
; Analysis & Synthesis Resource Usage Summary              ;
+---------------------------------------------+------------+
; Resource                                    ; Usage      ;
+---------------------------------------------+------------+
; Estimated Total logic elements              ; 298        ;
;                                             ;            ;
; Total combinational functions               ; 275        ;
; Logic element usage by number of LUT inputs ;            ;
;     -- 4 input functions                    ; 134        ;
;     -- 3 input functions                    ; 47         ;
;     -- <=2 input functions                  ; 94         ;
;                                             ;            ;
; Logic elements by mode                      ;            ;
;     -- normal mode                          ; 222        ;
;     -- arithmetic mode                      ; 53         ;
;                                             ;            ;
; Total registers                             ; 162        ;
;     -- Dedicated logic registers            ; 162        ;
;     -- I/O registers                        ; 0          ;
;                                             ;            ;
; I/O pins                                    ; 6          ;
;                                             ;            ;
; Embedded Multiplier 9-bit elements          ; 0          ;
;                                             ;            ;
; Maximum fan-out node                        ; sclk~input ;
; Maximum fan-out                             ; 162        ;
; Total fan-out                               ; 1422       ;
; Average fan-out                             ; 3.17       ;
+---------------------------------------------+------------+


+--------------------------------------------------------------------------------------------------------------------------------------------------------------------------------------------------------------------------------------------------+
; Analysis & Synthesis Resource Utilization by Entity                                                                                                                                                                                              ;
+-----------------------------------------+---------------------+---------------------------+-------------+--------------+---------+-----------+------+--------------+---------------------------------------------+----------------+--------------+
; Compilation Hierarchy Node              ; Combinational ALUTs ; Dedicated Logic Registers ; Memory Bits ; DSP Elements ; DSP 9x9 ; DSP 18x18 ; Pins ; Virtual Pins ; Full Hierarchy Name                         ; Entity Name    ; Library Name ;
+-----------------------------------------+---------------------+---------------------------+-------------+--------------+---------+-----------+------+--------------+---------------------------------------------+----------------+--------------+
; |top_mod                                ; 275 (0)             ; 162 (0)                   ; 0           ; 0            ; 0       ; 0         ; 6    ; 0            ; |top_mod                                    ; top_mod        ; work         ;
;    |bit_to_caseg:bit_to_caseg_inst|     ; 72 (72)             ; 44 (44)                   ; 0           ; 0            ; 0       ; 0         ; 0    ; 0            ; |top_mod|bit_to_caseg:bit_to_caseg_inst     ; bit_to_caseg   ; work         ;
;    |caseg_to_hc595:caseg_to_hc595_inst| ; 21 (21)             ; 9 (9)                     ; 0           ; 0            ; 0       ; 0         ; 0    ; 0            ; |top_mod|caseg_to_hc595:caseg_to_hc595_inst ; caseg_to_hc595 ; work         ;
;    |num_to_bit:num_to_bit_inst|         ; 90 (90)             ; 69 (69)                   ; 0           ; 0            ; 0       ; 0         ; 0    ; 0            ; |top_mod|num_to_bit:num_to_bit_inst         ; num_to_bit     ; work         ;
;    |time_cnt:time_cnt_inst|             ; 92 (92)             ; 40 (40)                   ; 0           ; 0            ; 0       ; 0         ; 0    ; 0            ; |top_mod|time_cnt:time_cnt_inst             ; time_cnt       ; work         ;
+-----------------------------------------+---------------------+---------------------------+-------------+--------------+---------+-----------+------+--------------+---------------------------------------------+----------------+--------------+
Note: For table entries with two numbers listed, the numbers in parentheses indicate the number of resources of the given type used by the specific entity alone. The numbers listed outside of parentheses indicate the total resources of the given type used by the specific entity and all of its sub-entities in the hierarchy.


+---------------------------------------------------------------------------------------------------+
; Registers Removed During Synthesis                                                                ;
+-------------------------------------------+-------------------------------------------------------+
; Register name                             ; Reason for Removal                                    ;
+-------------------------------------------+-------------------------------------------------------+
; num_to_bit:num_to_bit_inst|bit_5[3]       ; Stuck at VCC due to stuck port data_in                ;
; num_to_bit:num_to_bit_inst|bit_5[2]       ; Stuck at GND due to stuck port data_in                ;
; num_to_bit:num_to_bit_inst|bit_5[1]       ; Stuck at VCC due to stuck port data_in                ;
; num_to_bit:num_to_bit_inst|bit_2[3]       ; Stuck at VCC due to stuck port data_in                ;
; num_to_bit:num_to_bit_inst|bit_2[2]       ; Stuck at GND due to stuck port data_in                ;
; num_to_bit:num_to_bit_inst|bit_2[1]       ; Stuck at VCC due to stuck port data_in                ;
; num_to_bit:num_to_bit_inst|bit_2[0]       ; Merged with num_to_bit:num_to_bit_inst|bit_5[0]       ;
; num_to_bit:num_to_bit_inst|shift_signal   ; Merged with caseg_to_hc595:caseg_to_hc595_inst|cnt[0] ;
; bit_to_caseg:bit_to_caseg_inst|cnt_1ms[0] ; Merged with caseg_to_hc595:caseg_to_hc595_inst|cnt[0] ;
; time_cnt:time_cnt_inst|cnt_1s[0]          ; Merged with caseg_to_hc595:caseg_to_hc595_inst|cnt[0] ;
; bit_to_caseg:bit_to_caseg_inst|cnt_1ms[1] ; Merged with caseg_to_hc595:caseg_to_hc595_inst|cnt[1] ;
; time_cnt:time_cnt_inst|cnt_1s[1]          ; Merged with caseg_to_hc595:caseg_to_hc595_inst|cnt[1] ;
; num_to_bit:num_to_bit_inst|cnt_shift[0]   ; Merged with caseg_to_hc595:caseg_to_hc595_inst|cnt[1] ;
; time_cnt:time_cnt_inst|cnt_1s[2]          ; Merged with bit_to_caseg:bit_to_caseg_inst|cnt_1ms[2] ;
; time_cnt:time_cnt_inst|cnt_1s[3]          ; Merged with bit_to_caseg:bit_to_caseg_inst|cnt_1ms[3] ;
; bit_to_caseg:bit_to_caseg_inst|cnt_1ms[2] ; Merged with num_to_bit:num_to_bit_inst|cnt_shift[1]   ;
; bit_to_caseg:bit_to_caseg_inst|cnt_1ms[3] ; Merged with num_to_bit:num_to_bit_inst|cnt_shift[2]   ;
; Total Number of Removed Registers = 17    ;                                                       ;
+-------------------------------------------+-------------------------------------------------------+


+------------------------------------------------------+
; General Register Statistics                          ;
+----------------------------------------------+-------+
; Statistic                                    ; Value ;
+----------------------------------------------+-------+
; Total registers                              ; 162   ;
; Number of registers using Synchronous Clear  ; 0     ;
; Number of registers using Synchronous Load   ; 3     ;
; Number of registers using Asynchronous Clear ; 162   ;
; Number of registers using Asynchronous Load  ; 0     ;
; Number of registers using Clock Enable       ; 77    ;
; Number of registers using Preset             ; 0     ;
+----------------------------------------------+-------+


+---------------------------------------------------+
; Inverted Register Statistics                      ;
+-----------------------------------------+---------+
; Inverted Register                       ; Fan out ;
+-----------------------------------------+---------+
; num_to_bit:num_to_bit_inst|bit_6[1]     ; 1       ;
; num_to_bit:num_to_bit_inst|bit_7[1]     ; 1       ;
; num_to_bit:num_to_bit_inst|bit_3[1]     ; 1       ;
; num_to_bit:num_to_bit_inst|bit_4[1]     ; 1       ;
; num_to_bit:num_to_bit_inst|bit_0[1]     ; 1       ;
; num_to_bit:num_to_bit_inst|bit_1[1]     ; 1       ;
; num_to_bit:num_to_bit_inst|bit_6[3]     ; 1       ;
; num_to_bit:num_to_bit_inst|bit_7[3]     ; 1       ;
; num_to_bit:num_to_bit_inst|bit_3[3]     ; 1       ;
; num_to_bit:num_to_bit_inst|bit_4[3]     ; 1       ;
; num_to_bit:num_to_bit_inst|bit_0[3]     ; 1       ;
; num_to_bit:num_to_bit_inst|bit_1[3]     ; 1       ;
; Total number of inverted registers = 12 ;         ;
+-----------------------------------------+---------+


+--------------------------------------------------------------------------------------------------------------------------------------------------------------------+
; Multiplexer Restructuring Statistics (Restructuring Performed)                                                                                                     ;
+--------------------+-----------+---------------+----------------------+------------------------+------------+------------------------------------------------------+
; Multiplexer Inputs ; Bus Width ; Baseline Area ; Area if Restructured ; Saving if Restructured ; Registered ; Example Multiplexer Output                           ;
+--------------------+-----------+---------------+----------------------+------------------------+------------+------------------------------------------------------+
; 3:1                ; 4 bits    ; 8 LEs         ; 4 LEs                ; 4 LEs                  ; Yes        ; |top_mod|caseg_to_hc595:caseg_to_hc595_inst|bit[2]   ;
; 3:1                ; 6 bits    ; 12 LEs        ; 6 LEs                ; 6 LEs                  ; Yes        ; |top_mod|time_cnt:time_cnt_inst|second[4]            ;
; 3:1                ; 6 bits    ; 12 LEs        ; 6 LEs                ; 6 LEs                  ; Yes        ; |top_mod|time_cnt:time_cnt_inst|minute[5]            ;
; 3:1                ; 6 bits    ; 12 LEs        ; 6 LEs                ; 6 LEs                  ; Yes        ; |top_mod|time_cnt:time_cnt_inst|hour[5]              ;
; 3:1                ; 3 bits    ; 6 LEs         ; 3 LEs                ; 3 LEs                  ; Yes        ; |top_mod|num_to_bit:num_to_bit_inst|num_02_shift[0]  ;
; 3:1                ; 15 bits   ; 30 LEs        ; 15 LEs               ; 15 LEs                 ; Yes        ; |top_mod|num_to_bit:num_to_bit_inst|num_00_shift[5]  ;
; 8:1                ; 3 bits    ; 15 LEs        ; 12 LEs               ; 3 LEs                  ; Yes        ; |top_mod|bit_to_caseg:bit_to_caseg_inst|seg_disp[1]  ;
; 4:1                ; 4 bits    ; 8 LEs         ; 8 LEs                ; 0 LEs                  ; Yes        ; |top_mod|num_to_bit:num_to_bit_inst|num_02_shift[13] ;
; 4:1                ; 4 bits    ; 8 LEs         ; 8 LEs                ; 0 LEs                  ; Yes        ; |top_mod|num_to_bit:num_to_bit_inst|num_02_shift[9]  ;
; 4:1                ; 4 bits    ; 8 LEs         ; 8 LEs                ; 0 LEs                  ; Yes        ; |top_mod|num_to_bit:num_to_bit_inst|num_01_shift[13] ;
; 4:1                ; 4 bits    ; 8 LEs         ; 8 LEs                ; 0 LEs                  ; Yes        ; |top_mod|num_to_bit:num_to_bit_inst|num_01_shift[9]  ;
; 4:1                ; 4 bits    ; 8 LEs         ; 8 LEs                ; 0 LEs                  ; Yes        ; |top_mod|num_to_bit:num_to_bit_inst|num_00_shift[13] ;
; 4:1                ; 4 bits    ; 8 LEs         ; 8 LEs                ; 0 LEs                  ; Yes        ; |top_mod|num_to_bit:num_to_bit_inst|num_00_shift[9]  ;
; 16:1               ; 7 bits    ; 70 LEs        ; 56 LEs               ; 14 LEs                 ; Yes        ; |top_mod|bit_to_caseg:bit_to_caseg_inst|seg[2]       ;
+--------------------+-----------+---------------+----------------------+------------------------+------------+------------------------------------------------------+


+---------------------------------------------------------------------+
; Parameter Settings for User Entity Instance: time_cnt:time_cnt_inst ;
+----------------+----------------------------+-----------------------+
; Parameter Name ; Value                      ; Type                  ;
+----------------+----------------------------+-----------------------+
; cnt_1s_MAX     ; 10111110101111000001111111 ; Unsigned Binary       ;
; hour_MAX       ; 010111                     ; Unsigned Binary       ;
; minute_MAX     ; 111011                     ; Unsigned Binary       ;
; second_MAX     ; 111011                     ; Unsigned Binary       ;
+----------------+----------------------------+-----------------------+
Note: In order to hide this table in the UI and the text report file, please set the "Show Parameter Settings in Synthesis Report" option in "Analysis and Synthesis Settings -> More Settings" to "Off".


+-------------------------------------------------------------------------+
; Parameter Settings for User Entity Instance: num_to_bit:num_to_bit_inst ;
+----------------+-------+------------------------------------------------+
; Parameter Name ; Value ; Type                                           ;
+----------------+-------+------------------------------------------------+
; cnt_shift_MAX  ; 111   ; Unsigned Binary                                ;
+----------------+-------+------------------------------------------------+
Note: In order to hide this table in the UI and the text report file, please set the "Show Parameter Settings in Synthesis Report" option in "Analysis and Synthesis Settings -> More Settings" to "Off".


+-----------------------------------------------------------------------------+
; Parameter Settings for User Entity Instance: bit_to_caseg:bit_to_caseg_inst ;
+----------------+------------------+-----------------------------------------+
; Parameter Name ; Value            ; Type                                    ;
+----------------+------------------+-----------------------------------------+
; cnt_1ms_MAX    ; 1100001101001111 ; Unsigned Binary                         ;
; cnt_bit_MAX    ; 111              ; Unsigned Binary                         ;
+----------------+------------------+-----------------------------------------+
Note: In order to hide this table in the UI and the text report file, please set the "Show Parameter Settings in Synthesis Report" option in "Analysis and Synthesis Settings -> More Settings" to "Off".


+---------------------------------------------------------------------------------+
; Parameter Settings for User Entity Instance: caseg_to_hc595:caseg_to_hc595_inst ;
+----------------+-------+--------------------------------------------------------+
; Parameter Name ; Value ; Type                                                   ;
+----------------+-------+--------------------------------------------------------+
; cnt_MAX        ; 11    ; Unsigned Binary                                        ;
; bit_MAX        ; 1111  ; Unsigned Binary                                        ;
+----------------+-------+--------------------------------------------------------+
Note: In order to hide this table in the UI and the text report file, please set the "Show Parameter Settings in Synthesis Report" option in "Analysis and Synthesis Settings -> More Settings" to "Off".


+-----------------------------------------------------+
; Post-Synthesis Netlist Statistics for Top Partition ;
+-----------------------+-----------------------------+
; Type                  ; Count                       ;
+-----------------------+-----------------------------+
; boundary_port         ; 6                           ;
; cycloneiii_ff         ; 162                         ;
;     CLR               ; 85                          ;
;     ENA CLR           ; 74                          ;
;     ENA CLR SLD       ; 3                           ;
; cycloneiii_lcell_comb ; 276                         ;
;     arith             ; 53                          ;
;         2 data inputs ; 51                          ;
;         3 data inputs ; 2                           ;
;     normal            ; 223                         ;
;         0 data inputs ; 1                           ;
;         1 data inputs ; 19                          ;
;         2 data inputs ; 24                          ;
;         3 data inputs ; 45                          ;
;         4 data inputs ; 134                         ;
;                       ;                             ;
; Max LUT depth         ; 5.00                        ;
; Average LUT depth     ; 3.00                        ;
+-----------------------+-----------------------------+


+-------------------------------+
; Elapsed Time Per Partition    ;
+----------------+--------------+
; Partition Name ; Elapsed Time ;
+----------------+--------------+
; Top            ; 00:00:00     ;
+----------------+--------------+


+-------------------------------+
; Analysis & Synthesis Messages ;
+-------------------------------+
Info: *******************************************************************
Info: Running Quartus Prime Analysis & Synthesis
    Info: Version 23.1std.1 Build 993 05/14/2024 SC Lite Edition
    Info: Processing started: Fri Apr  4 20:59:54 2025
Info: Command: quartus_map --read_settings_files=on --write_settings_files=off caseg_disp -c caseg_disp
Warning (18236): Number of processors has not been specified which may cause overloading on shared machines.  Set the global assignment NUM_PARALLEL_PROCESSORS in your QSF to an appropriate value for best performance.
Info (20030): Parallel compilation is enabled and will use 16 of the 16 processors detected
Info (12021): Found 1 design units, including 1 entities, in source file /users/zlxwy/desktop/lf/example_wo/caseg_disp/rtl/top_mod.v
    Info (12023): Found entity 1: top_mod File: C:/Users/ZLXWY/Desktop/LF/example_wo/caseg_disp/rtl/top_mod.v Line: 2
Info (12021): Found 1 design units, including 1 entities, in source file /users/zlxwy/desktop/lf/example_wo/caseg_disp/rtl/time_cnt.v
    Info (12023): Found entity 1: time_cnt File: C:/Users/ZLXWY/Desktop/LF/example_wo/caseg_disp/rtl/time_cnt.v Line: 2
Info (12021): Found 1 design units, including 1 entities, in source file /users/zlxwy/desktop/lf/example_wo/caseg_disp/rtl/num_to_bit.v
    Info (12023): Found entity 1: num_to_bit File: C:/Users/ZLXWY/Desktop/LF/example_wo/caseg_disp/rtl/num_to_bit.v Line: 4
Warning (10463): Verilog HDL Declaration warning at caseg_to_hc595.v(20): "bit" is SystemVerilog-2005 keyword File: C:/Users/ZLXWY/Desktop/LF/example_wo/caseg_disp/rtl/caseg_to_hc595.v Line: 20
Info (12021): Found 1 design units, including 1 entities, in source file /users/zlxwy/desktop/lf/example_wo/caseg_disp/rtl/caseg_to_hc595.v
    Info (12023): Found entity 1: caseg_to_hc595 File: C:/Users/ZLXWY/Desktop/LF/example_wo/caseg_disp/rtl/caseg_to_hc595.v Line: 4
Info (12021): Found 1 design units, including 1 entities, in source file /users/zlxwy/desktop/lf/example_wo/caseg_disp/rtl/bit_to_caseg.v
    Info (12023): Found entity 1: bit_to_caseg File: C:/Users/ZLXWY/Desktop/LF/example_wo/caseg_disp/rtl/bit_to_caseg.v Line: 4
Info (12127): Elaborating entity "top_mod" for the top level hierarchy
Info (12128): Elaborating entity "time_cnt" for hierarchy "time_cnt:time_cnt_inst" File: C:/Users/ZLXWY/Desktop/LF/example_wo/caseg_disp/rtl/top_mod.v Line: 22
Warning (10230): Verilog HDL assignment warning at time_cnt.v(21): truncated value with size 32 to match size of target (26) File: C:/Users/ZLXWY/Desktop/LF/example_wo/caseg_disp/rtl/time_cnt.v Line: 21
Warning (10230): Verilog HDL assignment warning at time_cnt.v(28): truncated value with size 32 to match size of target (6) File: C:/Users/ZLXWY/Desktop/LF/example_wo/caseg_disp/rtl/time_cnt.v Line: 28
Warning (10230): Verilog HDL assignment warning at time_cnt.v(39): truncated value with size 32 to match size of target (6) File: C:/Users/ZLXWY/Desktop/LF/example_wo/caseg_disp/rtl/time_cnt.v Line: 39
Warning (10230): Verilog HDL assignment warning at time_cnt.v(51): truncated value with size 32 to match size of target (6) File: C:/Users/ZLXWY/Desktop/LF/example_wo/caseg_disp/rtl/time_cnt.v Line: 51
Info (12128): Elaborating entity "num_to_bit" for hierarchy "num_to_bit:num_to_bit_inst" File: C:/Users/ZLXWY/Desktop/LF/example_wo/caseg_disp/rtl/top_mod.v Line: 42
Warning (10230): Verilog HDL assignment warning at num_to_bit.v(43): truncated value with size 32 to match size of target (3) File: C:/Users/ZLXWY/Desktop/LF/example_wo/caseg_disp/rtl/num_to_bit.v Line: 43
Warning (10230): Verilog HDL assignment warning at num_to_bit.v(69): truncated value with size 32 to match size of target (4) File: C:/Users/ZLXWY/Desktop/LF/example_wo/caseg_disp/rtl/num_to_bit.v Line: 69
Warning (10230): Verilog HDL assignment warning at num_to_bit.v(70): truncated value with size 32 to match size of target (4) File: C:/Users/ZLXWY/Desktop/LF/example_wo/caseg_disp/rtl/num_to_bit.v Line: 70
Warning (10230): Verilog HDL assignment warning at num_to_bit.v(84): truncated value with size 32 to match size of target (4) File: C:/Users/ZLXWY/Desktop/LF/example_wo/caseg_disp/rtl/num_to_bit.v Line: 84
Warning (10230): Verilog HDL assignment warning at num_to_bit.v(85): truncated value with size 32 to match size of target (4) File: C:/Users/ZLXWY/Desktop/LF/example_wo/caseg_disp/rtl/num_to_bit.v Line: 85
Warning (10230): Verilog HDL assignment warning at num_to_bit.v(99): truncated value with size 32 to match size of target (4) File: C:/Users/ZLXWY/Desktop/LF/example_wo/caseg_disp/rtl/num_to_bit.v Line: 99
Warning (10230): Verilog HDL assignment warning at num_to_bit.v(100): truncated value with size 32 to match size of target (4) File: C:/Users/ZLXWY/Desktop/LF/example_wo/caseg_disp/rtl/num_to_bit.v Line: 100
Info (12128): Elaborating entity "bit_to_caseg" for hierarchy "bit_to_caseg:bit_to_caseg_inst" File: C:/Users/ZLXWY/Desktop/LF/example_wo/caseg_disp/rtl/top_mod.v Line: 61
Warning (10230): Verilog HDL assignment warning at bit_to_caseg.v(34): truncated value with size 32 to match size of target (16) File: C:/Users/ZLXWY/Desktop/LF/example_wo/caseg_disp/rtl/bit_to_caseg.v Line: 34
Warning (10230): Verilog HDL assignment warning at bit_to_caseg.v(55): truncated value with size 32 to match size of target (3) File: C:/Users/ZLXWY/Desktop/LF/example_wo/caseg_disp/rtl/bit_to_caseg.v Line: 55
Info (12128): Elaborating entity "caseg_to_hc595" for hierarchy "caseg_to_hc595:caseg_to_hc595_inst" File: C:/Users/ZLXWY/Desktop/LF/example_wo/caseg_disp/rtl/top_mod.v Line: 73
Warning (10230): Verilog HDL assignment warning at caseg_to_hc595.v(33): truncated value with size 32 to match size of target (2) File: C:/Users/ZLXWY/Desktop/LF/example_wo/caseg_disp/rtl/caseg_to_hc595.v Line: 33
Warning (10230): Verilog HDL assignment warning at caseg_to_hc595.v(40): truncated value with size 32 to match size of target (4) File: C:/Users/ZLXWY/Desktop/LF/example_wo/caseg_disp/rtl/caseg_to_hc595.v Line: 40
Info (13000): Registers with preset signals will power-up high File: C:/Users/ZLXWY/Desktop/LF/example_wo/caseg_disp/rtl/num_to_bit.v Line: 116
Info (13003): DEV_CLRn pin will set, and not reset, register with preset signal due to NOT Gate Push-Back
Warning (13024): Output pins are stuck at VCC or GND
    Warning (13410): Pin "oe" is stuck at GND File: C:/Users/ZLXWY/Desktop/LF/example_wo/caseg_disp/rtl/top_mod.v Line: 10
Info (286030): Timing-Driven Synthesis is running
Info (16010): Generating hard_block partition "hard_block:auto_generated_inst"
    Info (16011): Adding 0 node(s), including 0 DDIO, 0 PLL, 0 transceiver and 0 LCELL
Info (21057): Implemented 304 device resources after synthesis - the final resource count might be different
    Info (21058): Implemented 2 input pins
    Info (21059): Implemented 4 output pins
    Info (21061): Implemented 298 logic cells
Info: Quartus Prime Analysis & Synthesis was successful. 0 errors, 19 warnings
    Info: Peak virtual memory: 4835 megabytes
    Info: Processing ended: Fri Apr  4 21:00:00 2025
    Info: Elapsed time: 00:00:06
    Info: Total CPU time (on all processors): 00:00:13


